2025-06-11T16:00:56.924+09:00  INFO 7288 --- [nowpick] [restartedMain] com.nowpick.backend.NowpickApplication   : Starting NowpickApplication using Java 17.0.13 with PID 7288 (D:\myWorkspace\nowpick\build\classes\java\main started by fpemv in D:\myWorkspace\nowpick)
2025-06-11T16:00:56.925+09:00  INFO 7288 --- [nowpick] [restartedMain] com.nowpick.backend.NowpickApplication   : No active profile set, falling back to 1 default profile: "default"
2025-06-11T16:00:56.959+09:00  INFO 7288 --- [nowpick] [restartedMain] .e.DevToolsPropertyDefaultsPostProcessor : Devtools property defaults active! Set 'spring.devtools.add-properties' to 'false' to disable
2025-06-11T16:00:56.959+09:00  INFO 7288 --- [nowpick] [restartedMain] .e.DevToolsPropertyDefaultsPostProcessor : For additional web related logging consider setting the 'logging.level.web' property to 'DEBUG'
2025-06-11T16:00:57.431+09:00  INFO 7288 --- [nowpick] [restartedMain] .s.d.r.c.RepositoryConfigurationDelegate : Bootstrapping Spring Data JPA repositories in DEFAULT mode.
2025-06-11T16:00:57.447+09:00  INFO 7288 --- [nowpick] [restartedMain] .s.d.r.c.RepositoryConfigurationDelegate : Finished Spring Data repository scanning in 9 ms. Found 0 JPA repository interfaces.
2025-06-11T16:00:57.870+09:00  INFO 7288 --- [nowpick] [restartedMain] o.s.b.w.embedded.tomcat.TomcatWebServer  : Tomcat initialized with port 8080 (http)
2025-06-11T16:00:57.881+09:00  INFO 7288 --- [nowpick] [restartedMain] o.apache.catalina.core.StandardService   : Starting service [Tomcat]
2025-06-11T16:00:57.881+09:00  INFO 7288 --- [nowpick] [restartedMain] o.apache.catalina.core.StandardEngine    : Starting Servlet engine: [Apache Tomcat/10.1.41]
2025-06-11T16:00:57.932+09:00  INFO 7288 --- [nowpick] [restartedMain] o.a.c.c.C.[Tomcat].[localhost].[/]       : Initializing Spring embedded WebApplicationContext
2025-06-11T16:00:57.932+09:00  INFO 7288 --- [nowpick] [restartedMain] w.s.c.ServletWebServerApplicationContext : Root WebApplicationContext: initialization completed in 973 ms
2025-06-11T16:00:58.024+09:00  INFO 7288 --- [nowpick] [restartedMain] com.zaxxer.hikari.HikariDataSource       : HikariPool-1 - Starting...
2025-06-11T16:00:58.167+09:00  INFO 7288 --- [nowpick] [restartedMain] com.zaxxer.hikari.pool.HikariPool        : HikariPool-1 - Added connection com.mysql.cj.jdbc.ConnectionImpl@306992a1
2025-06-11T16:00:58.168+09:00  INFO 7288 --- [nowpick] [restartedMain] com.zaxxer.hikari.HikariDataSource       : HikariPool-1 - Start completed.
2025-06-11T16:00:58.200+09:00  INFO 7288 --- [nowpick] [restartedMain] o.hibernate.jpa.internal.util.LogHelper  : HHH000204: Processing PersistenceUnitInfo [name: default]
2025-06-11T16:00:58.237+09:00  INFO 7288 --- [nowpick] [restartedMain] org.hibernate.Version                    : HHH000412: Hibernate ORM core version 6.6.15.Final
2025-06-11T16:00:58.261+09:00  INFO 7288 --- [nowpick] [restartedMain] o.h.c.internal.RegionFactoryInitiator    : HHH000026: Second-level cache disabled
2025-06-11T16:00:58.491+09:00  INFO 7288 --- [nowpick] [restartedMain] o.s.o.j.p.SpringPersistenceUnitInfo      : No LoadTimeWeaver setup: ignoring JPA class transformer
2025-06-11T16:00:58.570+09:00  INFO 7288 --- [nowpick] [restartedMain] org.hibernate.orm.connections.pooling    : HHH10001005: Database info:
	Database JDBC URL [Connecting through datasource 'HikariDataSource (HikariPool-1)']
	Database driver: undefined/unknown
	Database version: 8.0.34
	Autocommit mode: undefined/unknown
	Isolation level: undefined/unknown
	Minimum pool size: undefined/unknown
	Maximum pool size: undefined/unknown
2025-06-11T16:00:58.799+09:00  INFO 7288 --- [nowpick] [restartedMain] o.h.e.t.j.p.i.JtaPlatformInitiator       : HHH000489: No JTA platform available (set 'hibernate.transaction.jta.platform' to enable JTA platform integration)
2025-06-11T16:00:58.802+09:00  INFO 7288 --- [nowpick] [restartedMain] j.LocalContainerEntityManagerFactoryBean : Initialized JPA EntityManagerFactory for persistence unit 'default'
2025-06-11T16:00:58.835+09:00  WARN 7288 --- [nowpick] [restartedMain] JpaBaseConfiguration$JpaWebConfiguration : spring.jpa.open-in-view is enabled by default. Therefore, database queries may be performed during view rendering. Explicitly configure spring.jpa.open-in-view to disable this warning
2025-06-11T16:00:59.132+09:00  WARN 7288 --- [nowpick] [restartedMain] .s.s.UserDetailsServiceAutoConfiguration : 

Using generated security password: 03e1302e-d181-4419-bac0-71127d08a85f

This generated password is for development use only. Your security configuration must be updated before running your application in production.

2025-06-11T16:00:59.137+09:00  INFO 7288 --- [nowpick] [restartedMain] r$InitializeUserDetailsManagerConfigurer : Global AuthenticationManager configured with UserDetailsService bean with name inMemoryUserDetailsManager
2025-06-11T16:00:59.229+09:00  INFO 7288 --- [nowpick] [restartedMain] o.s.b.d.a.OptionalLiveReloadServer       : LiveReload server is running on port 35729
2025-06-11T16:00:59.265+09:00  INFO 7288 --- [nowpick] [restartedMain] o.s.b.w.embedded.tomcat.TomcatWebServer  : Tomcat started on port 8080 (http) with context path '/'
2025-06-11T16:00:59.271+09:00  INFO 7288 --- [nowpick] [restartedMain] com.nowpick.backend.NowpickApplication   : Started NowpickApplication in 2.709 seconds (process running for 3.215)
2025-06-11T16:01:18.466+09:00  INFO 7288 --- [nowpick] [http-nio-8080-exec-1] o.a.c.c.C.[Tomcat].[localhost].[/]       : Initializing Spring DispatcherServlet 'dispatcherServlet'
2025-06-11T16:01:18.466+09:00  INFO 7288 --- [nowpick] [http-nio-8080-exec-1] o.s.web.servlet.DispatcherServlet        : Initializing Servlet 'dispatcherServlet'
2025-06-11T16:01:18.467+09:00  INFO 7288 --- [nowpick] [http-nio-8080-exec-1] o.s.web.servlet.DispatcherServlet        : Completed initialization in 1 ms
2025-06-11T16:05:29.525+09:00  INFO 7288 --- [nowpick] [SpringApplicationShutdownHook] o.s.b.w.e.tomcat.GracefulShutdown        : Commencing graceful shutdown. Waiting for active requests to complete
2025-06-11T16:05:29.687+09:00  INFO 7288 --- [nowpick] [tomcat-shutdown] o.s.b.w.e.tomcat.GracefulShutdown        : Graceful shutdown complete
2025-06-11T16:05:29.690+09:00  INFO 7288 --- [nowpick] [SpringApplicationShutdownHook] j.LocalContainerEntityManagerFactoryBean : Closing JPA EntityManagerFactory for persistence unit 'default'
2025-06-11T16:05:29.692+09:00  INFO 7288 --- [nowpick] [SpringApplicationShutdownHook] com.zaxxer.hikari.HikariDataSource       : HikariPool-1 - Shutdown initiated...
2025-06-11T16:05:29.698+09:00  INFO 7288 --- [nowpick] [SpringApplicationShutdownHook] com.zaxxer.hikari.HikariDataSource       : HikariPool-1 - Shutdown completed.
2025-06-11T16:05:31.832+09:00  INFO 17520 --- [nowpick] [restartedMain] com.nowpick.backend.NowpickApplication   : Starting NowpickApplication using Java 17.0.13 with PID 17520 (D:\myWorkspace\nowpick\build\classes\java\main started by fpemv in D:\myWorkspace\nowpick)
2025-06-11T16:05:31.834+09:00  INFO 17520 --- [nowpick] [restartedMain] com.nowpick.backend.NowpickApplication   : No active profile set, falling back to 1 default profile: "default"
2025-06-11T16:05:31.867+09:00  INFO 17520 --- [nowpick] [restartedMain] .e.DevToolsPropertyDefaultsPostProcessor : Devtools property defaults active! Set 'spring.devtools.add-properties' to 'false' to disable
2025-06-11T16:05:31.867+09:00  INFO 17520 --- [nowpick] [restartedMain] .e.DevToolsPropertyDefaultsPostProcessor : For additional web related logging consider setting the 'logging.level.web' property to 'DEBUG'
2025-06-11T16:05:32.334+09:00  INFO 17520 --- [nowpick] [restartedMain] .s.d.r.c.RepositoryConfigurationDelegate : Bootstrapping Spring Data JPA repositories in DEFAULT mode.
2025-06-11T16:05:32.349+09:00  INFO 17520 --- [nowpick] [restartedMain] .s.d.r.c.RepositoryConfigurationDelegate : Finished Spring Data repository scanning in 9 ms. Found 0 JPA repository interfaces.
2025-06-11T16:05:32.724+09:00  INFO 17520 --- [nowpick] [restartedMain] o.s.b.w.embedded.tomcat.TomcatWebServer  : Tomcat initialized with port 8080 (http)
2025-06-11T16:05:32.734+09:00  INFO 17520 --- [nowpick] [restartedMain] o.apache.catalina.core.StandardService   : Starting service [Tomcat]
2025-06-11T16:05:32.735+09:00  INFO 17520 --- [nowpick] [restartedMain] o.apache.catalina.core.StandardEngine    : Starting Servlet engine: [Apache Tomcat/10.1.41]
2025-06-11T16:05:32.784+09:00  INFO 17520 --- [nowpick] [restartedMain] o.a.c.c.C.[Tomcat].[localhost].[/]       : Initializing Spring embedded WebApplicationContext
2025-06-11T16:05:32.784+09:00  INFO 17520 --- [nowpick] [restartedMain] w.s.c.ServletWebServerApplicationContext : Root WebApplicationContext: initialization completed in 916 ms
2025-06-11T16:05:32.898+09:00  INFO 17520 --- [nowpick] [restartedMain] com.zaxxer.hikari.HikariDataSource       : HikariPool-1 - Starting...
2025-06-11T16:05:33.029+09:00  INFO 17520 --- [nowpick] [restartedMain] com.zaxxer.hikari.pool.HikariPool        : HikariPool-1 - Added connection com.mysql.cj.jdbc.ConnectionImpl@366fb09e
2025-06-11T16:05:33.031+09:00  INFO 17520 --- [nowpick] [restartedMain] com.zaxxer.hikari.HikariDataSource       : HikariPool-1 - Start completed.
2025-06-11T16:05:33.065+09:00  INFO 17520 --- [nowpick] [restartedMain] o.hibernate.jpa.internal.util.LogHelper  : HHH000204: Processing PersistenceUnitInfo [name: default]
2025-06-11T16:05:33.102+09:00  INFO 17520 --- [nowpick] [restartedMain] org.hibernate.Version                    : HHH000412: Hibernate ORM core version 6.6.15.Final
2025-06-11T16:05:33.128+09:00  INFO 17520 --- [nowpick] [restartedMain] o.h.c.internal.RegionFactoryInitiator    : HHH000026: Second-level cache disabled
2025-06-11T16:05:33.342+09:00  INFO 17520 --- [nowpick] [restartedMain] o.s.o.j.p.SpringPersistenceUnitInfo      : No LoadTimeWeaver setup: ignoring JPA class transformer
2025-06-11T16:05:33.416+09:00  INFO 17520 --- [nowpick] [restartedMain] org.hibernate.orm.connections.pooling    : HHH10001005: Database info:
	Database JDBC URL [Connecting through datasource 'HikariDataSource (HikariPool-1)']
	Database driver: undefined/unknown
	Database version: 8.0.34
	Autocommit mode: undefined/unknown
	Isolation level: undefined/unknown
	Minimum pool size: undefined/unknown
	Maximum pool size: undefined/unknown
2025-06-11T16:05:33.634+09:00  INFO 17520 --- [nowpick] [restartedMain] o.h.e.t.j.p.i.JtaPlatformInitiator       : HHH000489: No JTA platform available (set 'hibernate.transaction.jta.platform' to enable JTA platform integration)
2025-06-11T16:05:33.638+09:00  INFO 17520 --- [nowpick] [restartedMain] j.LocalContainerEntityManagerFactoryBean : Initialized JPA EntityManagerFactory for persistence unit 'default'
2025-06-11T16:05:33.669+09:00  WARN 17520 --- [nowpick] [restartedMain] JpaBaseConfiguration$JpaWebConfiguration : spring.jpa.open-in-view is enabled by default. Therefore, database queries may be performed during view rendering. Explicitly configure spring.jpa.open-in-view to disable this warning
2025-06-11T16:05:33.928+09:00  WARN 17520 --- [nowpick] [restartedMain] .s.s.UserDetailsServiceAutoConfiguration : 

Using generated security password: 4939ba05-815b-4a8e-bb57-48c10f6f679d

This generated password is for development use only. Your security configuration must be updated before running your application in production.

2025-06-11T16:05:33.933+09:00  INFO 17520 --- [nowpick] [restartedMain] r$InitializeUserDetailsManagerConfigurer : Global AuthenticationManager configured with UserDetailsService bean with name inMemoryUserDetailsManager
2025-06-11T16:05:34.025+09:00  INFO 17520 --- [nowpick] [restartedMain] o.s.b.d.a.OptionalLiveReloadServer       : LiveReload server is running on port 35729
2025-06-11T16:05:34.054+09:00  INFO 17520 --- [nowpick] [restartedMain] o.s.b.w.embedded.tomcat.TomcatWebServer  : Tomcat started on port 8080 (http) with context path '/'
2025-06-11T16:05:34.061+09:00  INFO 17520 --- [nowpick] [restartedMain] com.nowpick.backend.NowpickApplication   : Started NowpickApplication in 2.57 seconds (process running for 3.137)
2025-06-11T16:05:41.426+09:00  INFO 17520 --- [nowpick] [http-nio-8080-exec-1] o.a.c.c.C.[Tomcat].[localhost].[/]       : Initializing Spring DispatcherServlet 'dispatcherServlet'
2025-06-11T16:05:41.426+09:00  INFO 17520 --- [nowpick] [http-nio-8080-exec-1] o.s.web.servlet.DispatcherServlet        : Initializing Servlet 'dispatcherServlet'
2025-06-11T16:05:41.427+09:00  INFO 17520 --- [nowpick] [http-nio-8080-exec-1] o.s.web.servlet.DispatcherServlet        : Completed initialization in 1 ms
2025-06-11T16:36:11.673+09:00  WARN 17520 --- [nowpick] [HikariPool-1:housekeeper] com.zaxxer.hikari.pool.HikariPool        : HikariPool-1 - Thread starvation or clock leap detected (housekeeper delta=18m8s388ms377µs500ns).
